#by ele
[Wed Dec 06 17:00:50.865073 2017] [:error] [pid 3431] [client 59.108.82.66:30709] PHP Warning:  phpinfo(): It is not safe to rely on the system's timezone settings. You are *required* to use the date.timezone setting or the date_default_timezone_set() function. In case you used any of those methods and you are still getting this warning, you most likely misspelled the timezone identifier. We selected the timezone 'UTC' for now, but please set date.timezone to select your timezone. in /var/www/shop1024/shop/info.php on line 2
[Wed Dec 06 17:56:16.861809 2017] [autoindex:error] [pid 6052] [client 59.108.82.66:3596] AH01276: Cannot serve directory /var/www/: No matching DirectoryIndex (index.html,index.php) found, and server-generated directory index forbidden by Options directive
[Wed Dec 06 17:56:40.618613 2017] [autoindex:error] [pid 6058] [client 59.108.82.66:3721] AH01276: Cannot serve directory /var/www/: No matching DirectoryIndex (index.html,index.php) found, and server-generated directory index forbidden by Options directive, referer: http://www.vipelephant.cn/html/
[Wed Dec 06 17:57:46.027581 2017] [autoindex:error] [pid 6051] [client 59.108.82.66:4271] AH01276: Cannot serve directory /var/www/: No matching DirectoryIndex (index.html,index.php) found, and server-generated directory index forbidden by Options directive, referer: http://www.vipelephant.cn/html/
[Wed Dec 06 17:57:53.150281 2017] [:error] [pid 6059] [client 59.108.82.66:4268] script '/var/www/info.php' not found or unable to stat
[Wed Dec 06 17:58:00.385047 2017] [:error] [pid 6049] [client 59.108.82.66:4298] PHP Warning:  phpinfo(): It is not safe to rely on the system's timezone settings. You are *required* to use the date.timezone setting or the date_default_timezone_set() function. In case you used any of those methods and you are still getting this warning, you most likely misspelled the timezone identifier. We selected the timezone 'UTC' for now, but please set date.timezone to select your timezone. in /var/www/html/info.php on line 2
[Wed Dec 06 17:58:26.660992 2017] [autoindex:error] [pid 6052] [client 59.108.82.66:4457] AH01276: Cannot serve directory /var/www/: No matching DirectoryIndex (index.html,index.php) found, and server-generated directory index forbidden by Options directive
[Wed Dec 06 17:58:38.892326 2017] [:error] [pid 6058] [client 59.108.82.66:4524] PHP Warning:  phpinfo(): It is not safe to rely on the system's timezone settings. You are *required* to use the date.timezone setting or the date_default_timezone_set() function. In case you used any of those methods and you are still getting this warning, you most likely misspelled the timezone identifier. We selected the timezone 'UTC' for now, but please set date.timezone to select your timezone. in /var/www/info.php on line 2
[Wed Dec 06 18:26:54.490421 2017] [autoindex:error] [pid 6052] [client 59.108.82.66:13284] AH01276: Cannot serve directory /var/www/: No matching DirectoryIndex (index.html,index.php) found, and server-generated directory index forbidden by Options directive, referer: http://123.207.175.198/index.php/Home/Index/index.html
[Wed Dec 06 20:00:10.272515 2017] [:error] [pid 6908] [client 112.90.82.236:33093] PHP Warning:  phpinfo(): It is not safe to rely on the system's timezone settings. You are *required* to use the date.timezone setting or the date_default_timezone_set() function. In case you used any of those methods and you are still getting this warning, you most likely misspelled the timezone identifier. We selected the timezone 'UTC' for now, but please set date.timezone to select your timezone. in /var/www/info.php on line 2
[Wed Dec 06 20:34:05.702753 2017] [autoindex:error] [pid 7541] [client 202.173.11.239:51546] AH01276: Cannot serve directory /var/www/: No matching DirectoryIndex (index.html,index.php) found, and server-generated directory index forbidden by Options directive
[Thu Dec 07 04:16:47.277066 2017] [:error] [pid 6058] [client 179.218.43.73:40744] script '/var/www/shop1024/shop/getcfg.php' not found or unable to stat
[Thu Dec 07 04:16:53.258083 2017] [:error] [pid 15549] [client 179.218.43.73:40793] script '/var/www/shop1024/shop/getcfg.php' not found or unable to stat
[Thu Dec 07 10:02:40.294129 2017] [:error] [pid 15692] [client 59.108.82.66:8356] PHP Warning:  phpinfo(): It is not safe to rely on the system's timezone settings. You are *required* to use the date.timezone setting or the date_default_timezone_set() function. In case you used any of those methods and you are still getting this warning, you most likely misspelled the timezone identifier. We selected the timezone 'UTC' for now, but please set date.timezone to select your timezone. in /var/www/info.php on line 2
[Thu Dec 07 12:26:30.241574 2017] [autoindex:error] [pid 15689] [client 14.130.211.128:4623] AH01276: Cannot serve directory /var/www/: No matching DirectoryIndex (index.html,index.php) found, and server-generated directory index forbidden by Options directive
[Fri Dec 08 00:05:38.289127 2017] [:error] [pid 15690] [client 180.97.238.87:4768] script '/var/www/shop1024/shop/aaaa.php' not found or unable to stat, referer: http://123.207.175.198/aaaa.php
[Fri Dec 08 00:53:43.215461 2017] [:error] [pid 6050] [client 220.181.108.107:59437] script '/var/www/shop1024/shop/arc.php' not found or unable to stat
[Fri Dec 08 02:39:19.796225 2017] [:error] [pid 15692] [client 183.57.53.177:34633] script '/var/www/shop1024/shop/aaaa.php' not found or unable to stat
[Sat Dec 09 22:36:06.243188 2017] [:error] [pid 6908] [client 180.97.238.87:3742] script '/var/www/shop1024/shop/aaaa.php' not found or unable to stat, referer: http://123.207.175.198/aaaa.php
[Sun Dec 10 21:34:07.421728 2017] [:error] [pid 19346] [client 201.37.212.43:58327] script '/var/www/shop1024/shop/command.php' not found or unable to stat
[Mon Dec 11 03:47:43.086242 2017] [:error] [pid 26944] [client 185.2.81.90:35912] script '/var/www/shop1024/shop/xmlrpc.php' not found or unable to stat
[Mon Dec 11 07:06:16.198871 2017] [:error] [pid 26942] [client 112.90.82.236:31410] script '/var/www/shop1024/shop/xmlrpc.php' not found or unable to stat
[Mon Dec 11 09:47:35.019524 2017] [autoindex:error] [pid 26942] [client 60.28.128.178:36885] AH01276: Cannot serve directory /var/www/: No matching DirectoryIndex (index.html,index.php) found, and server-generated directory index forbidden by Options directive
[Mon Dec 11 12:34:33.462689 2017] [autoindex:error] [pid 19344] [client 183.57.53.197:34493] AH01276: Cannot serve directory /var/www/: No matching DirectoryIndex (index.html,index.php) found, and server-generated directory index forbidden by Options directive
[Mon Dec 11 14:40:46.064919 2017] [autoindex:error] [pid 19345] [client 123.59.209.2:49211] AH01276: Cannot serve directory /var/www/: No matching DirectoryIndex (index.html,index.php) found, and server-generated directory index forbidden by Options directive
[Mon Dec 11 17:25:33.792592 2017] [autoindex:error] [pid 19346] [client 123.59.209.2:55596] AH01276: Cannot serve directory /var/www/: No matching DirectoryIndex (index.html,index.php) found, and server-generated directory index forbidden by Options directive
[Mon Dec 11 18:32:19.724126 2017] [:error] [pid 19347] [client 172.96.214.91:57292] script '/var/www/shop1024/shop/aaaa.php' not found or unable to stat, referer: http://123.207.175.198/aaaa.php
[Tue Dec 12 04:39:02.137668 2017] [autoindex:error] [pid 19344] [client 123.149.255.12:33617] AH01276: Cannot serve directory /var/www/: No matching DirectoryIndex (index.html,index.php) found, and server-generated directory index forbidden by Options directive
[Tue Dec 12 17:43:41.770612 2017] [autoindex:error] [pid 26944] [client 115.47.146.26:2289] AH01276: Cannot serve directory /var/www/: No matching DirectoryIndex (index.html,index.php) found, and server-generated directory index forbidden by Options directive
[Tue Dec 12 20:59:24.219712 2017] [:error] [pid 19343] [client 185.123.233.52:50245] script '/var/www/shop1024/shop/command.php' not found or unable to stat
[Tue Dec 12 20:59:35.840627 2017] [:error] [pid 19347] [client 185.123.233.52:50385] script '/var/www/shop1024/shop/upgrade_handle.php' not found or unable to stat
[Tue Dec 12 21:00:08.311118 2017] [cgi:error] [pid 16513] [client 185.123.233.52:50807] script not found or unable to stat: /var/www/cgi-bin/user
[Tue Dec 12 23:23:23.514336 2017] [:error] [pid 19345] [client 119.147.207.144:23824] script '/var/www/shop1024/shop/upgrade_handle.php' not found or unable to stat
[Wed Dec 13 03:33:27.574061 2017] [autoindex:error] [pid 16513] [client 219.243.212.239:43098] AH01276: Cannot serve directory /var/www/: No matching DirectoryIndex (index.html,index.php) found, and server-generated directory index forbidden by Options directive, referer: www.vipelephant.cn
[Wed Dec 13 08:48:14.849454 2017] [autoindex:error] [pid 25935] [client 116.236.146.22:7884] AH01276: Cannot serve directory /var/www/: No matching DirectoryIndex (index.html,index.php) found, and server-generated directory index forbidden by Options directive
[Wed Dec 13 10:49:43.808541 2017] [autoindex:error] [pid 26944] [client 112.90.82.236:40774] AH01276: Cannot serve directory /var/www/: No matching DirectoryIndex (index.html,index.php) found, and server-generated directory index forbidden by Options directive
[Wed Dec 13 15:58:04.225558 2017] [:error] [pid 19347] [client 65.49.201.245:60598] script '/var/www/shop1024/shop/aaaa.php' not found or unable to stat, referer: http://123.207.175.198/aaaa.php
[Thu Dec 14 03:05:13.878705 2017] [autoindex:error] [pid 26944] [client 110.83.60.227:54305] AH01276: Cannot serve directory /var/www/: No matching DirectoryIndex (index.html,index.php) found, and server-generated directory index forbidden by Options directive
[Thu Dec 14 05:32:16.336439 2017] [cgi:error] [pid 19346] [client 101.226.64.174:39860] script not found or unable to stat: /var/www/cgi-bin/user
[Fri Dec 15 08:36:33.376840 2017] [:error] [pid 25935] [client 180.97.238.87:2672] script '/var/www/shop1024/shop/aaaa.php' not found or unable to stat, referer: http://123.207.175.198/aaaa.php
[Fri Dec 15 12:58:13.447416 2017] [:error] [pid 26942] [client 179.234.37.53:53539] script '/var/www/shop1024/shop/getcfg.php' not found or unable to stat
[Fri Dec 15 12:58:19.421670 2017] [:error] [pid 25935] [client 179.234.37.53:53565] script '/var/www/shop1024/shop/getcfg.php' not found or unable to stat
[Fri Dec 15 22:07:55.509358 2017] [:error] [pid 19346] [client 104.128.144.131:47168] script '/var/www/shop1024/shop/redirect.php' not found or unable to stat
[Sat Dec 16 05:44:58.278181 2017] [authz_core:error] [pid 19343] [client 180.97.106.39:6597] AH01630: client denied by server configuration: /var/www/shop1024/shop/.htaccess
[Sat Dec 16 05:44:59.779057 2017] [:error] [pid 16512] [client 180.97.106.163:5390] script '/var/www/shop1024/shop/wp-login.php' not found or unable to stat
[Sat Dec 16 05:45:01.569257 2017] [:error] [pid 19345] [client 180.97.106.164:6726] script '/var/www/shop1024/shop/discuz_version.php' not found or unable to stat
[Sat Dec 16 05:45:03.076917 2017] [:error] [pid 19344] [client 180.97.106.39:6604] script '/var/www/shop1024/shop/admin.php' not found or unable to stat
[Sat Dec 16 05:45:09.077806 2017] [:error] [pid 19344] [client 180.97.106.39:6615] script '/var/www/shop1024/shop/p.php' not found or unable to stat
[Sat Dec 16 05:45:09.672500 2017] [:error] [pid 16513] [client 180.97.106.39:6617] script '/var/www/shop1024/shop/admin.php' not found or unable to stat
[Sat Dec 16 05:45:11.780431 2017] [:error] [pid 16512] [client 180.97.106.39:6620] script '/var/www/shop1024/shop/main.php' not found or unable to stat
[Sat Dec 16 05:45:12.681462 2017] [:error] [pid 16513] [client 180.97.106.39:6622] script '/var/www/shop1024/shop/hm_permission_denied.php' not found or unable to stat
[Sat Dec 16 05:45:12.975349 2017] [:error] [pid 26944] [client 180.97.106.164:6735] script '/var/www/shop1024/shop/hm_frontpage.php' not found or unable to stat
[Sat Dec 16 05:45:31.000589 2017] [:error] [pid 26944] [client 180.97.106.164:6749] script '/var/www/shop1024/shop/rss.php' not found or unable to stat
[Sat Dec 16 05:45:33.109461 2017] [:error] [pid 19344] [client 180.97.106.39:6658] script '/var/www/shop1024/shop/notexist_path.php' not found or unable to stat
[Sat Dec 16 05:45:37.001831 2017] [:error] [pid 26944] [client 180.97.106.164:6754] script '/var/www/shop1024/shop/login.php' not found or unable to stat
[Sat Dec 16 05:45:41.202563 2017] [:error] [pid 26942] [client 180.97.106.39:6667] script '/var/www/shop1024/shop/akcms_inc.php' not found or unable to stat
[Sat Dec 16 05:45:41.517002 2017] [:error] [pid 25935] [client 180.97.106.163:5426] script '/var/www/shop1024/shop/system_css.php' not found or unable to stat
[Sat Dec 16 05:45:43.009087 2017] [:error] [pid 26944] [client 180.97.106.39:6669] script '/var/www/shop1024/shop/rss.php' not found or unable to stat
[Sun Dec 17 00:49:13.001537 2017] [:error] [pid 19345] [client 180.97.238.87:3786] script '/var/www/shop1024/shop/aaaa.php' not found or unable to stat, referer: http://123.207.175.198/aaaa.php
[Mon Dec 18 09:05:57.085637 2017] [autoindex:error] [pid 14473] [client 223.71.156.38:64334] AH01276: Cannot serve directory /var/www/: No matching DirectoryIndex (index.html,index.php) found, and server-generated directory index forbidden by Options directive
[Mon Dec 18 11:51:50.289245 2017] [autoindex:error] [pid 14472] [client 123.59.209.2:62041] AH01276: Cannot serve directory /var/www/: No matching DirectoryIndex (index.html,index.php) found, and server-generated directory index forbidden by Options directive
[Mon Dec 18 15:44:18.345645 2017] [:error] [pid 14472] [client 177.140.37.19:58704] script '/var/www/shop1024/shop/command.php' not found or unable to stat
[Mon Dec 18 20:21:11.096786 2017] [autoindex:error] [pid 25257] [client 106.120.161.68:32126] AH01276: Cannot serve directory /var/www/: No matching DirectoryIndex (index.html,index.php) found, and server-generated directory index forbidden by Options directive, referer: http://www.vipelephant.cn/
[Mon Dec 18 20:21:11.224774 2017] [autoindex:error] [pid 14469] [client 182.118.20.152:40950] AH01276: Cannot serve directory /var/www/: No matching DirectoryIndex (index.html,index.php) found, and server-generated directory index forbidden by Options directive, referer: http://www.vipelephant.cn/
[Mon Dec 18 20:21:11.433682 2017] [autoindex:error] [pid 14473] [client 171.13.14.150:36783] AH01276: Cannot serve directory /var/www/: No matching DirectoryIndex (index.html,index.php) found, and server-generated directory index forbidden by Options directive, referer: http://www.vipelephant.cn/
[Mon Dec 18 20:24:47.776539 2017] [autoindex:error] [pid 14472] [client 101.199.112.51:43160] AH01276: Cannot serve directory /var/www/: No matching DirectoryIndex (index.html,index.php) found, and server-generated directory index forbidden by Options directive
[Mon Dec 18 20:24:53.752987 2017] [autoindex:error] [pid 14471] [client 182.118.20.146:60765] AH01276: Cannot serve directory /var/www/: No matching DirectoryIndex (index.html,index.php) found, and server-generated directory index forbidden by Options directive
[Mon Dec 18 20:24:56.548529 2017] [autoindex:error] [pid 14472] [client 182.118.20.158:37468] AH01276: Cannot serve directory /var/www/: No matching DirectoryIndex (index.html,index.php) found, and server-generated directory index forbidden by Options directive
[Mon Dec 18 20:24:57.245905 2017] [autoindex:error] [pid 27868] [client 182.118.20.152:34368] AH01276: Cannot serve directory /var/www/: No matching DirectoryIndex (index.html,index.php) found, and server-generated directory index forbidden by Options directive
[Mon Dec 18 20:24:59.637006 2017] [autoindex:error] [pid 27724] [client 171.13.14.152:35974] AH01276: Cannot serve directory /var/www/: No matching DirectoryIndex (index.html,index.php) found, and server-generated directory index forbidden by Options directive
[Mon Dec 18 20:25:00.738290 2017] [autoindex:error] [pid 14470] [client 171.13.14.133:48658] AH01276: Cannot serve directory /var/www/: No matching DirectoryIndex (index.html,index.php) found, and server-generated directory index forbidden by Options directive
[Mon Dec 18 23:02:54.030353 2017] [:error] [pid 27882] [client 180.97.238.87:3233] script '/var/www/shop1024/shop/aaaa.php' not found or unable to stat, referer: http://123.207.175.198/aaaa.php
[Tue Dec 19 21:39:30.566230 2017] [autoindex:error] [pid 27884] [client 175.42.43.37:1211] AH01276: Cannot serve directory /var/www/: No matching DirectoryIndex (index.html,index.php) found, and server-generated directory index forbidden by Options directive
[Wed Dec 20 14:08:09.893885 2017] [:error] [pid 27884] [client 180.97.238.87:4693] script '/var/www/shop1024/shop/aaaa.php' not found or unable to stat, referer: http://123.207.175.198/aaaa.php
[Thu Dec 21 08:02:54.870673 2017] [autoindex:error] [pid 27884] [client 119.147.207.152:29037] AH01276: Cannot serve directory /var/www/: No matching DirectoryIndex (index.html,index.php) found, and server-generated directory index forbidden by Options directive
[Fri Dec 22 07:06:20.001071 2017] [:error] [pid 27870] [client 180.97.238.87:3049] script '/var/www/shop1024/shop/aaaa.php' not found or unable to stat, referer: http://123.207.175.198/aaaa.php
[Fri Dec 22 09:59:38.343230 2017] [:error] [pid 14472] [client 183.57.53.222:21532] script '/var/www/shop1024/shop/aaaa.php' not found or unable to stat
[Fri Dec 22 10:39:48.355065 2017] [:error] [pid 27884] [client 185.188.207.6:58894] script '/var/www/shop1024/shop/xmlrpc.php' not found or unable to stat
[Fri Dec 22 14:41:01.500614 2017] [autoindex:error] [pid 27868] [client 59.108.82.66:63465] AH01276: Cannot serve directory /var/www/: No matching DirectoryIndex (index.html,index.php) found, and server-generated directory index forbidden by Options directive
[Fri Dec 22 14:41:22.275879 2017] [:error] [pid 14469] [client 59.108.82.66:63671] script '/var/www/index.php' not found or unable to stat
[Fri Dec 22 14:41:27.737232 2017] [autoindex:error] [pid 14472] [client 59.108.82.66:63927] AH01276: Cannot serve directory /var/www/: No matching DirectoryIndex (index.html,index.php) found, and server-generated directory index forbidden by Options directive
[Fri Dec 22 14:41:46.549637 2017] [:error] [pid 14469] [client 59.108.82.66:64308] script '/var/www/index.php' not found or unable to stat
[Fri Dec 22 14:41:53.550328 2017] [:error] [pid 27870] [client 59.108.82.66:64521] PHP Warning:  phpinfo(): It is not safe to rely on the system's timezone settings. You are *required* to use the date.timezone setting or the date_default_timezone_set() function. In case you used any of those methods and you are still getting this warning, you most likely misspelled the timezone identifier. We selected the timezone 'UTC' for now, but please set date.timezone to select your timezone. in /var/www/info.php on line 2
[Fri Dec 22 14:44:12.570054 2017] [:error] [pid 14472] [client 59.108.82.66:2474] PHP Warning:  phpinfo(): It is not safe to rely on the system's timezone settings. You are *required* to use the date.timezone setting or the date_default_timezone_set() function. In case you used any of those methods and you are still getting this warning, you most likely misspelled the timezone identifier. We selected the timezone 'UTC' for now, but please set date.timezone to select your timezone. in /var/www/html/info.php on line 2, referer: http://www.vipelephant.cn/html/
[Fri Dec 22 14:44:23.182386 2017] [autoindex:error] [pid 27870] [client 59.108.82.66:2664] AH01276: Cannot serve directory /var/www/shop1024/: No matching DirectoryIndex (index.html,index.php) found, and server-generated directory index forbidden by Options directive
[Fri Dec 22 14:45:02.950684 2017] [autoindex:error] [pid 27882] [client 59.108.82.66:3516] AH01276: Cannot serve directory /var/www/: No matching DirectoryIndex (index.html,index.php) found, and server-generated directory index forbidden by Options directive
